Starting a Gradle Daemon, 49 busy Daemons could not be reused, use --status for details
> Task :compileJava
> Task :processResources UP-TO-DATE
> Task :classes
> Task :resolveMainClassName
> Task :bootWar
> Task :war
> Task :assemble
> Task :check
> Task :build

BUILD SUCCESSFUL in 14s
5 actionable tasks: 4 executed, 1 up-to-date
